user ad
email dtead2@gmail.com
PS C:\Users\AD-2 Cell\Desktop\git-prac2> git add .
PS C:\Users\AD-2 Cell\Desktop\git-prac2> git commit -m "first commit"
On branch master

Initial commit

nothing to commit (create/copy files and use "git add" to track)
PS C:\Users\AD-2 Cell\Desktop\git-prac2> git push origin main
error: src refspec main does not match any
error: failed to push some refs to 'https://github.com/dtead2/git-prac2.git'
PS C:\Users\AD-2 Cell\Desktop\git-prac2>
 *  History restored 

PS C:\Users\AD-2 Cell\Desktop\git-prac2> git config --global user.name
dtead2
PS C:\Users\AD-2 Cell\Desktop\git-prac2> git config --global user.email
dte.ad2@gmail.com
PS C:\Users\AD-2 Cell\Desktop\git-prac2> git remote
origin
PS C:\Users\AD-2 Cell\Desktop\git-prac2> git push origin
fatal: The current branch master has no upstream branch.
To push the current branch and set the remote as upstream, use

    git push --set-upstream origin master

To have this happen automatically for branches without a tracking
upstream, see 'push.autoSetupRemote' in 'git help config'.

PS C:\Users\AD-2 Cell\Desktop\git-prac2> git push --set-upstream origin master
error: src refspec master does not match any
error: failed to push some refs to 'https://github.com/dtead2/git-prac2.git'
PS C:\Users\AD-2 Cell\Desktop\git-prac2> git push --set-upstream origin main
error: src refspec main does not match any
error: failed to push some refs to 'https://github.com/dtead2/git-prac2.git'
PS C:\Users\AD-2 Cell\Desktop\git-prac2> git push --set-upstream origin
fatal: The current branch master has no upstream branch.
To push the current branch and set the remote as upstream, use

    git push --set-upstream origin master

To have this happen automatically for branches without a tracking
upstream, see 'push.autoSetupRemote' in 'git help config'.

PS C:\Users\AD-2 Cell\Desktop\git-prac2> git config list
error: key does not contain a section: list
PS C:\Users\AD-2 Cell\Desktop\git-prac2>
 *  History restored 

Windows PowerShell
Copyright (C) 2016 Microsoft Corporation. All rights reserved.

PS C:\Users\AD-2 Cell\Desktop\git-prac2> ls
PS C:\Users\AD-2 Cell\Desktop\git-prac2> ls -a
Get-ChildItem : Parameter cannot be processed because the parameter 
name 'a' is ambiguous. Possible matches include: -Attributes 
-Directory -File -Hidden -ReadOnly -System.
At line:1 char:4
+ ls -a
+    ~~
    + CategoryInfo          : InvalidArgument: (:) [Get-ChildItem], 
    ParameterBindingException
    + FullyQualifiedErrorId : AmbiguousParameter,Microsoft.PowerShe 
   ll.Commands.GetChildItemCommand
 
PS C:\Users\AD-2 Cell\Desktop\git-prac2> git init
Reinitialized existing Git repository in C:/Users/AD-2 Cell/Desktop/git-prac2/.git/
PS C:\Users\AD-2 Cell\Desktop\git-prac2> git config user.name
ad
PS C:\Users\AD-2 Cell\Desktop\git-prac2> git config user.email
dtead2@gmail.com
PS C:\Users\AD-2 Cell\Desktop\git-prac2> git add .
PS C:\Users\AD-2 Cell\Desktop\git-prac2> git status
On branch master

No commits yet

Changes to be committed:
  (use "git rm --cached <file>..." to unstage)
        new file:   info.txt

PS C:\Users\AD-2 Cell\Desktop\git-prac2> git commit -m "initial commit"
[master (root-commit) fcc05e9] initial commit
 1 file changed, 2 insertions(+)
 create mode 100644 info.txt
PS C:\Users\AD-2 Cell\Desktop\git-prac2> git remote add origin https://github.com/dtead2/git-prac2.git
error: remote origin already exists.
PS C:\Users\AD-2 Cell\Desktop\git-prac2> git push -u origin master
Enumerating objects: 3, done.
Counting objects: 100% (3/3), done.
Writing objects: 100% (3/3), 230 bytes | 230.00 KiB/s, done.
Total 3 (delta 0), reused 0 (delta 0), pack-reused 0
To https://github.com/dtead2/git-prac2.git
 * [new branch]      master -> master
branch 'master' set up to track 'origin/master'.
PS C:\Users\AD-2 Cell\Desktop\git-prac2> git add .
PS C:\Users\AD-2 Cell\Desktop\git-prac2> git commit -m "Readme data added"
[master 7203074] Readme data added
 1 file changed, 1 insertion(+)
 create mode 100644 README.md
PS C:\Users\AD-2 Cell\Desktop\git-prac2> git push -u master
fatal: 'master' does not appear to be a git repository
fatal: Could not read from remote repository.

Please make sure you have the correct access rights
and the repository exists.
PS C:\Users\AD-2 Cell\Desktop\git-prac2> git push -u origin master
Enumerating objects: 4, done.
Counting objects: 100% (4/4), done.
Delta compression using up to 4 threads
Compressing objects: 100% (3/3), done.
Writing objects: 100% (3/3), 322 bytes | 322.00 KiB/s, done.
Total 3 (delta 0), reused 0 (delta 0), pack-reused 0
To https://github.com/dtead2/git-prac2.git
   fcc05e9..7203074  master -> master
branch 'master' set up to track 'origin/master'.
PS C:\Users\AD-2 Cell\Desktop\git-prac2>